---
source: src/contract.rs
expression: root
---
0x7bf45deb56341e3a7c6904a756724a1b1d6fc23c963c688536d382db01734498
