---
source: src/contract.rs
expression: root
---
0x72f7ae5aab24e266bd35ae505309d55569bae110f9383b4bada38b134bf6acb2
