---
source: src/contract.rs
expression: root
---
0x2e98c3969a9dd6195000957d4c63f719bb1c456ead6a10c812f3db225ee8a290
