---
source: src/contract.rs
expression: root
---
0x9842f250679a7d97dee3f5efaf9d38c1dea17d83ddeab8e4cbbe8eefb9926791
