---
source: src/contract.rs
expression: root
---
0x8f2e2a02e895166cacd261c55cede7c57a9174aa3f7d006ec548f0bac9e83048
