---
source: src/contract.rs
assertion_line: 217
expression: state_root
---
0x4f4ff4245914fd8fea52ad03b76d88853bb188ae4817bb31c8d56be4ef1910d1
