---
source: src/contract.rs
expression: root
---
0xb2728a5291dc67b0bc8299a2268f8f6197d7fcc9dceead7c27916102f519f718
