---
source: src/contract.rs
expression: root
---
0xc2f498aa34efbc1a3628564d3d5fd462d27837253fe77b94ac188f0156b41e87
