---
source: src/contract.rs
expression: root
---
0x8c02461a4b9aee7faf2e8244ddd0bb9ad8e30bf4e16528d7dcaa8ec991f0cb18
