---
source: fuel-tx/src/contract.rs
expression: root
---
0x573bf26ecbfae1dfe079dbcea08defc35e280787b0be24a4683c0e3a48cee837
