---
source: src/contract.rs
assertion_line: 217
expression: state_root
---
0x0000000000000000000000000000000000000000000000000000000000000000
