---
source: src/contract.rs
expression: root
---
0x40aed3f1d3b45d48d3895f7ecd8b4dee2452e41ecb104a31e98dec20081f726f
