---
source: src/contract.rs
expression: root
---
0xdfd9ba908fe30fa53247b1b8c4a37b02a62e8470c24b9d8bf2e01e91dd21edb9
