---
source: src/contract.rs
expression: root
---
0xff904a16917de130c801eef68dd89509beed5a3a06e8e81f9be5837a33b4d860
