---
source: fuel-tx/src/transaction/types/input/snapshot_tests.rs
expression: hex
---
0000000000000000000000000000000000000000000000000000000000000000000000001d04017bc0843dc803010101010101010101010101010101010101010101010101010101010101010101010202020202020202020202020202020202020202020202020202020202020202020b05050505050505050505050505050505050505050505050505050505050505052e05a08d060a030303030303030303030c0404040404040404040404040000
