---
source: fuel-tx/src/transaction/types/input/snapshot_tests.rs
expression: hex
---
00000000000000000000000000000000000000000000000000000000000000000000000000000000000000000000000000000000000000010000000000000000000000000000000000000000000000000000000000000000000000000000000000000000000000000000000000000002010101010101010101010101010101010101010101010101010101010101010102020202020202020202020202020202020202020202020202020202020202020303030303030303030303030303030303030303030303030303030303030303000000000000000400000000000000050000000000000000000000000000000a000000000000000b000000000000000c060606060606060606060000000000000707070707070707070707000000000008080808080808080808080800000000
