---
source: fuel-tx/src/transaction/types/input/snapshot_tests.rs
assertion_line: 30
expression: hex
---
0000000000000000000000000000000000000000000000000000000000000000000000000000000f0000000000000001000000000000000000000000000000000000000000000000000000000000000000000000000000000000000000000000000000000000000100000000000003e8000000000000007b00000000000f42400000000000000000010101010101010101010101010101010101010101010101010101010101010100000000000000020202020202020202020202020202020202020202020202020202020202020202000000000000000b0505050505050505050505050505050505050505050505050505050505050505000000000000002e000000000000000500000000000000040000000000000002000000000000000000000000000000000000000000000000
