---
source: fuel-tx/src/transaction/types/input/snapshot_tests.rs
expression: hex
---
0000000000000000000000000000000000000000000000000000000000000000000000003f0601e8077bc0843dc80300010001010101010101010101010101010101010101010101010101010101010101010202020202020202020202020202020202020202020202020202020202020202020b05050505050505050505050505050505050505050505050505050505050505052e05040000
