---
source: fuel-tx/src/transaction/types/input/snapshot_tests.rs
expression: hex
---
00000000000000000000000000000000000000000000000000000000000000000000000000000000000000000000000000000000000000010000000000000000000000000000000000000000000000000000000000000000000000000000000000000000000000000000000000000000010101010101010101010101010101010101010101010101010101010101010100000000000000020202020202020202020202020202020202020202020202020202020202020202000000000000000b0505050505050505050505050505050505050505050505050505050505050505000000000000002e00000000000000050000000000000000000000000000000200000000000186a0000000000000000a000000000000000c0303030303030303030300000000000004040404040404040404040400000000
