---
source: fuel-tx/src/transaction/types/input/snapshot_tests.rs
assertion_line: 75
expression: hex
---
0000000000000000000000000000000000000000000000000000000000000000000000000000000d00000000000000010000000000000000000000000000000000000000000000000000000000000000000000000000000000000000000000000000000000000001000000000000007b00000000000f424000000000000000010101010101010101010101010101010101010101010101010101010101010101000000000000000202020202020202020202020202020202020202020202020202020202020202020303030303030303030303030303030303030303030303030303030303030303000000000000002e00000000000000050505050505050505050505050505050505050505050505050505050505050505
