---
source: fuel-tx/src/transaction/types/input/snapshot_tests.rs
assertion_line: 100
expression: hex
---
0000000000000000000000000000000000000000000000000000000000000000000000000000000f0000000000000001000000000000000000000000000000000000000000000000000000000000000000000000000000000000000000000000000000000000000100000000000003e8000000000000007b00000000000f42400000000000000002020202020202020202020202020202020202020202020202020202020202020203030303030303030303030303030303030303030303030303030303030303030000000000000004050505050505050505050505050505050505050505050505050505050505050500000000000000060000000000000000000000000000000000000000000000000000000000000000
