---
source: fuel-tx/src/transaction/types/input/snapshot_tests.rs
expression: hex
---
0000000000000000000000000000000000000000000000000000000000000000000000003d05017bc0843dc803000102010101010101010101010101010101010101010101010101010101010101010102020202020202020202020202020202020202020202020202020202020202020203030303030303030303030303030303030303030303030303030303030303032e0505050505050505050505050505050505050505050505050505050505050505050000
