---
source: fuel-tx/src/transaction/types/input/snapshot_tests.rs
expression: hex
---
0000000000000000000000000000000000000000000000000000000000000000000000000000000000000000000000000000000000000001000000000000000000000000000000000000000000000000000000000000000000000000000000000000000000000000000000000000000202020202020202020202020202020202020202020202020202020202020202020303030303030303030303030303030303030303030303030303030303030303000000000000000405050505050505050505050505050505050505050505050505050505050505050000000000000006000000000000000a0000000000000000000000000000000007070707070707070707000000000000
