---
source: fuel-tx/src/transaction/types/input/snapshot_tests.rs
assertion_line: 173
expression: hex
---
0000000000000000000000000000000000000000000000000000000000000000000000000000000d00000000000000010000000000000000000000000000000000000000000000000000000000000000000000000000000000000000000000000000000000000001000000000000007b00000000000f424000000000000000020202020202020202020202020202020202020202020202020202020202020202030303030303030303030303030303030303030303030303030303030303030300000000000000040505050505050505050505050505050505050505050505050505050505050505000000000000000000000000000186a0000000000000000a000000000000000b000000000000000c060606060606060606060000000000000707070707070707070707000000000008080808080808080808080800000000
