---
source: fuel-tx/src/transaction/types/input/snapshot_tests.rs
expression: hex
---
00000000000000000000000000000000000000000000000000000000000000000000000000000000000000000000000000000000000000010000000000000000000000000000000000000000000000000000000000000000000000000000000000000000000000000000000000000002020202020202020202020202020202020202020202020202020202020202020203030303030303030303030303030303030303030303030303030303030303030000000000000004000000000000000500000000000000000000000000000000000000000000000b000000000000000c0707070707070707070707000000000008080808080808080808080800000000
