---
source: fuel-tx/src/transaction/types/input/snapshot_tests.rs
expression: hex
snapshot_kind: text
---
00000000000000000000000000000000000000000000000000000000000000000000000000000000000000000000000000000000000000000000000000000000000000000000001f000000000000000100000000000000000000000000000000000000000000000100000000000003e8000000000000007b00000000000f424000000000000001c80000000000000002020202020202020202020202020202020202020202020202020202020202020203030303030303030303030303030303030303030303030303030303030303030000000000000004050505050505050505050505050505050505050505050505050505050505050500000000000000060000000000000000000000000000000000000000000000000000000000000000
