---
source: fuel-tx/src/transaction/types/input/snapshot_tests.rs
expression: hex
---
0000000000000000000000000000000000000000000000000000000000000000000000003d05017bc0843dc80300010602020202020202020202020202020202020202020202020202020202020202020303030303030303030303030303030303030303030303030303030303030303040505050505050505050505050505050505050505050505050505050505050505a08d060a060606060606060606060b07070707070707070707070c0808080808080808080808080000
