---
source: fuel-tx/src/transaction/types/input/snapshot_tests.rs
expression: hex
---
0000000000000000000000000000000000000000000000000000000000000000000000001f0501e8077bc0843dc803010502020202020202020202020202020202020202020202020202020202020202020303030303030303030303030303030303030303030303030303030303030303040505050505050505050505050505050505050505050505050505050505050505060a070707070707070707070000
